<?xml version="1.0"?>
<div class="social-share social-share--size-normal social-share--style-rounded ">
  <a class="social-share-service" style="--color: #1777f2;" href="https://www.facebook.com/sharer/sharer.php?u=http%3A%2F%2Flocalhost&amp;text=" target="_blank" rel="noopener nofollow" title="Facebook">
    <svg xmlns="http://www.w3.org/2000/svg" viewBox="0 0 320 512">
      <path fill="currentColor" d="M279.14 288l14.22-92.66h-88.91v-60.13c0-25.35 12.42-50.06 52.24-50.06h40.42V6.26S260.43 0 225.36 0c-73.22 0-121.08 44.38-121.08 124.72v70.62H22.89V288h81.39v224h100.17V288z"/>
    </svg>
  </a>
</div>
